// Vitest Snapshot v1, https://vitest.dev/guide/snapshot.html

exports[`injectCollectHooks > matches snapshot of transformed output 1`] = `
"
  import { 
  component$, 
  useStore,
  useSignal, 
  useTask$, 
  useComputed$, 
  $,
  useContext,
  useContextProvider,
  useId,
  useOnDocument,
  useOnWindow,
  useResource$,
  useStyles$,
  useStylesScoped$,
  createContextId,
  Resource,
  useAsyncComputed$,
  useSerializer$,
  useConstant,
  useOn,
  useServerData,
  useErrorBoundary
} from '@qwik.dev/core';
import { _getDomContainer, isServer, useVisibleTask$ } from '@qwik.dev/core/internal';
import type { QRL, Signal } from '@qwik.dev/core';
import { useLocation, useNavigate, Link, useContent, useDocumentHead } from '@qwik.dev/router';
import { useDebouncer } from './debounce';
import { useHooks } from './collectHooks';
import { useCollectHooks } from 'virtual-qwik-devtools';

const ButtonContext = createContextId<{ theme: string; size: string }>('button-context');

interface ButtonProps {
  class?: string;
  onClick$?: QRL<() => void>;
  testValue: Signal<string>;
}

export default component$<ButtonProps>((props) => {
  const collecthook = useCollectHooks("/abs/path/Button.tsx?id=abc")
  const { class: className = '', onClick$ } = props;
  const testValue2 = props.testValue
  console.log('testValue', testValue2)
  const store = useStore({
    count: 0,
    dd:12,
    cc: 33,
    aa: [1,2,3  ]
  });
  collecthook({
    variableName: 'store',
    category: 'VariableDeclarator',
    returnType: 'proxy',
    hook: store
  });

  const signal = useSignal<any>('111');
  collecthook({
    variableName: 'signal',
    category: 'VariableDeclarator',
    returnType: 'qrl',
    hook: signal
  });

  const constantValue = useConstant(() => 'CONST');
  collecthook({
    variableName: 'constantValue',
    category: 'VariableDeclarator',
    returnType: 'any',
    hook: constantValue
  });

  const serverData = useServerData<any>('demo-key');
  collecthook({
    variableName: 'serverData',
    category: 'VariableDeclarator',
    returnType: 'any',
    hook: serverData
  });

  const errorBoundary = useErrorBoundary();
  collecthook({
    variableName: 'errorBoundary',
    category: 'VariableDeclarator',
    returnType: 'object',
    hook: errorBoundary
  });

  const location = useLocation();
  collecthook({
    variableName: 'location',
    category: 'VariableDeclarator',
    returnType: 'object',
    hook: location
  });

  const navigate = useNavigate();
  collecthook({
    variableName: 'navigate',
    category: 'VariableDeclarator',
    returnType: 'qrl',
    hook: navigate
  });

  const content = useContent();
  collecthook({
    variableName: 'content',
    category: 'VariableDeclarator',
    returnType: 'proxy',
    hook: content
  });

  const head = useDocumentHead();
  collecthook({
    variableName: 'head',
    category: 'VariableDeclarator',
    returnType: 'proxy',
    hook: head
  });


  

  useTask$(({ track }) => {
    track(() => store.count);
    signal.value = '33333'
  })
  collecthook({
    variableName: 'useTask',
    category: 'expressionStatement',
    returnType: 'qrl',
    hook: undefined
  });


  // eslint-disable-next-line qwik/no-use-visible-task
  useVisibleTask$(({ track }) => {
    track(() => store.count);
    signal.value = '2227'
  })
  collecthook({
    variableName: 'useVisibleTask',
    category: 'expressionStatement',
    returnType: 'qrl',
    hook: undefined
  });


  const qwikContainer = useComputed$(() => {
    try {
      if(isServer){
        return null
      }
      const htmlElement = document.documentElement;
      return _getDomContainer(htmlElement);
    } catch (error) {
      console.error(error);
      return null;
    }
  });
  collecthook({
    variableName: 'qwikContainer',
    category: 'VariableDeclarator',
    returnType: 'qrl',
    hook: qwikContainer
  });


  const asyncComputedValue =  useAsyncComputed$(({ track }) =>
    Promise.resolve(track(signal) + 3),
  );
  collecthook({
    variableName: 'asyncComputedValue',
    category: 'VariableDeclarator',
    returnType: 'qrl',
    hook: asyncComputedValue
  });

                                                                                                                                      
  useContextProvider(ButtonContext, {
    theme: 'primary',
    size: 'large'
  });
  collecthook({
    variableName: 'useContextProvider',
    category: 'expressionStatement',
    returnType: 'number',
    hook: undefined
  });

    let _customhook = useHooks('Button');
  collecthook({
    variableName: 'customhook',
    category: 'VariableDeclarator',
    returnType: 'qrl',
    hook: _customhook
  });

  const context = useContext(ButtonContext);
  collecthook({
    variableName: 'context',
    category: 'VariableDeclarator',
    returnType: 'any',
    hook: context
  });


  const buttonId = useId();
  collecthook({
    variableName: 'buttonId',
    category: 'VariableDeclarator',
    returnType: 'string',
    hook: buttonId
  });


  useOnDocument('keydown', $(() => {
    console.log('Document keydown event');
  }));
  const dd = useHooks('Button1')
  collecthook({
    variableName: 'customhook',
    category: 'VariableDeclarator',
    returnType: 'qrl',
    hook: dd
  });

  useOnWindow('resize', $(() => {
    console.log('Window resized');
  }));

  useOn('click', $(() => {
    console.log('Host clicked');
  }));

  const resourceData = useResource$(async ({ track }) => {
    track(() => store.count);
    await new Promise(resolve => setTimeout(resolve, 200));
    return {
      message: \`Resource data for count: \${store.count}\`,
      timestamp: Date.now()
    };
  });
  collecthook({
    variableName: 'resourceData',
    category: 'VariableDeclarator',
    returnType: 'undefined',
    hook: resourceData
  });


  // Demo: useSerializer$（最小示例，基于 signal 重建对象并用 update 同步）
  const customSerialized = useSerializer$(() => ({
    deserialize: () => ({ n: store.count }),
    update: (current: { n: number }) => {
      current.n = store.count;
      return current;
    }
  }));
  collecthook({
    variableName: 'customSerialized',
    category: 'VariableDeclarator',
    returnType: 'qrl',
    hook: customSerialized
  });


  useStyles$(\`
    .custom-button {
      background: linear-gradient(45deg, #ff6b6b, #4ecdc4);
      color: white;
      border: none;
      padding: 10px 20px;
      border-radius: 5px;
      cursor: pointer;
      transition: transform 0.2s;
    }
    .custom-button:hover {
      transform: scale(1.05);
    }
  \`);
  collecthook({
    variableName: 'useStyles',
    category: 'expressionStatement',
    returnType: 'undefined',
    hook: undefined
  });


  useStylesScoped$(\`
    .scoped-button {
      background: linear-gradient(45deg, #667eea, #764ba2);
      color: white;
      border: none;
      padding: 8px 16px;
      border-radius: 3px;
      cursor: pointer;
    }
  \`);
  collecthook({
    variableName: 'useStylesScoped',
    category: 'expressionStatement',
    returnType: 'undefined',
    hook: undefined
  });

  const debounce = useDebouncer(
    $((value: string) => {
      signal.value = value;
    }),
    1000
  );
  collecthook({
    variableName: 'customhook',
    category: 'VariableDeclarator',
    returnType: 'qrl',
    hook: debounce
  });

 

  const handleClick = $(async () => {
    store.count++;
    console.log('Button clicked! Count:', store.count);
    debounce(store.count)
    if (onClick$) {
      await onClick$();
    }
  });

  const handleGoAbout = $(() => navigate('/about'));

  return (
    <div>
      <button 
        id={buttonId}
        class={\`\${className} custom-button scoped-button\`}
        onClick$={handleClick}
      >
        Click me {store.count}{signal.value}{qwikContainer.value?.qManifestHash}
      </button>
      <button 
        class={\`custom-button scoped-button\`}
        style="margin-left: 8px"
        onClick$={handleGoAbout}
      >
        Go /about
      </button>
      <Link href="/blog" class={\`scoped-button\`} style="margin-left: 8px; padding: 8px 16px; display: inline-block; text-decoration: none;">
        Go /blog
      </Link>
      
      <div style="margin-top: 10px; font-size: 12px; color: #666;">
        <div>Current Path: {location.url.pathname}</div>
        <div>Is Navigating: {location.isNavigating ? 'true' : 'false'}</div>
        <div>Params: {JSON.stringify(location.params)}</div>
        <div>Prev URL: {location.prevUrl ? location.prevUrl.pathname : '—'}</div>
        <div>Head Title: {head.title}</div>
        <div>Head Metas: {head.meta.length}</div>
        <div>Content Menu: {content.menu ? 'yes' : 'no'}</div>
        <div>Content Headings: {content.headings ? content.headings.length : 0}</div>
        <div>Async Computed: {asyncComputedValue.value}</div>
        <div>Context: {context.theme} - {context.size}</div>
        <div>Button ID: {buttonId}</div>
        <div>Constant: {constantValue}</div>
        {errorBoundary.error && <div>Error captured</div>}
        <div>ServerData: {serverData ? JSON.stringify(serverData) : 'N/A'}</div>
        <div>Serialized N: {customSerialized.value.n}</div>
        <Resource
          value={resourceData}
          onPending={() => <div>Loading resource...</div>}
          onResolved={(data) => <div>Resource: {data.message}</div>}
          onRejected={(error) => <div>Error: {error.message}</div>}
        />
        <div>Count: {store.count}, Signal: {signal.value}</div>
      </div>
    </div>
  );
});

"
`;
